// Jest Snapshot v1, https://goo.gl/fbAQLP

exports[`Story renders properly 1`] = `
ShallowWrapper {
  "length": 1,
  Symbol(enzyme.__root__): [Circular],
  Symbol(enzyme.__unrendered__): <Story />,
  Symbol(enzyme.__renderer__): Object {
    "batchedUpdates": [Function],
    "getNode": [Function],
    "render": [Function],
    "simulateEvent": [Function],
    "unmount": [Function],
  },
  Symbol(enzyme.__node__): Object {
    "instance": null,
    "key": undefined,
    "nodeType": "host",
    "props": Object {
      "children": <a
        className="story-card"
        href={undefined}
>
        <div>
                <div
                        className="story-card-time"
                >
                        27/05/2018
                </div>
                <div
                        className="story-card-title"
                />
                <div
                        className="story-card-author"
                >
                        By 
                </div>
        </div>
        <div
                className="story-card-score"
        />
        <div
                className="story-card-link"
        />
</a>,
      "className": "story-card-wrapper",
    },
    "ref": null,
    "rendered": Object {
      "instance": null,
      "key": undefined,
      "nodeType": "host",
      "props": Object {
        "children": Array [
          <div>
            <div
                        className="story-card-time"
            >
                        27/05/2018
            </div>
            <div
                        className="story-card-title"
            />
            <div
                        className="story-card-author"
            >
                        By 
            </div>
</div>,
          <div
            className="story-card-score"
/>,
          <div
            className="story-card-link"
/>,
        ],
        "className": "story-card",
        "href": undefined,
      },
      "ref": null,
      "rendered": Array [
        Object {
          "instance": null,
          "key": undefined,
          "nodeType": "host",
          "props": Object {
            "children": Array [
              <div
                className="story-card-time"
>
                27/05/2018
</div>,
              <div
                className="story-card-title"
/>,
              <div
                className="story-card-author"
>
                By 
</div>,
            ],
          },
          "ref": null,
          "rendered": Array [
            Object {
              "instance": null,
              "key": undefined,
              "nodeType": "host",
              "props": Object {
                "children": "27/05/2018",
                "className": "story-card-time",
              },
              "ref": null,
              "rendered": "27/05/2018",
              "type": "div",
            },
            Object {
              "instance": null,
              "key": undefined,
              "nodeType": "host",
              "props": Object {
                "children": undefined,
                "className": "story-card-title",
              },
              "ref": null,
              "rendered": null,
              "type": "div",
            },
            Object {
              "instance": null,
              "key": undefined,
              "nodeType": "host",
              "props": Object {
                "children": Array [
                  "By ",
                  undefined,
                ],
                "className": "story-card-author",
              },
              "ref": null,
              "rendered": Array [
                "By ",
                undefined,
              ],
              "type": "div",
            },
          ],
          "type": "div",
        },
        Object {
          "instance": null,
          "key": undefined,
          "nodeType": "host",
          "props": Object {
            "children": undefined,
            "className": "story-card-score",
          },
          "ref": null,
          "rendered": null,
          "type": "div",
        },
        Object {
          "instance": null,
          "key": undefined,
          "nodeType": "host",
          "props": Object {
            "children": undefined,
            "className": "story-card-link",
          },
          "ref": null,
          "rendered": null,
          "type": "div",
        },
      ],
      "type": "a",
    },
    "type": "div",
  },
  Symbol(enzyme.__nodes__): Array [
    Object {
      "instance": null,
      "key": undefined,
      "nodeType": "host",
      "props": Object {
        "children": <a
          className="story-card"
          href={undefined}
>
          <div>
                    <div
                              className="story-card-time"
                    >
                              27/05/2018
                    </div>
                    <div
                              className="story-card-title"
                    />
                    <div
                              className="story-card-author"
                    >
                              By 
                    </div>
          </div>
          <div
                    className="story-card-score"
          />
          <div
                    className="story-card-link"
          />
</a>,
        "className": "story-card-wrapper",
      },
      "ref": null,
      "rendered": Object {
        "instance": null,
        "key": undefined,
        "nodeType": "host",
        "props": Object {
          "children": Array [
            <div>
              <div
                            className="story-card-time"
              >
                            27/05/2018
              </div>
              <div
                            className="story-card-title"
              />
              <div
                            className="story-card-author"
              >
                            By 
              </div>
</div>,
            <div
              className="story-card-score"
/>,
            <div
              className="story-card-link"
/>,
          ],
          "className": "story-card",
          "href": undefined,
        },
        "ref": null,
        "rendered": Array [
          Object {
            "instance": null,
            "key": undefined,
            "nodeType": "host",
            "props": Object {
              "children": Array [
                <div
                  className="story-card-time"
>
                  27/05/2018
</div>,
                <div
                  className="story-card-title"
/>,
                <div
                  className="story-card-author"
>
                  By 
</div>,
              ],
            },
            "ref": null,
            "rendered": Array [
              Object {
                "instance": null,
                "key": undefined,
                "nodeType": "host",
                "props": Object {
                  "children": "27/05/2018",
                  "className": "story-card-time",
                },
                "ref": null,
                "rendered": "27/05/2018",
                "type": "div",
              },
              Object {
                "instance": null,
                "key": undefined,
                "nodeType": "host",
                "props": Object {
                  "children": undefined,
                  "className": "story-card-title",
                },
                "ref": null,
                "rendered": null,
                "type": "div",
              },
              Object {
                "instance": null,
                "key": undefined,
                "nodeType": "host",
                "props": Object {
                  "children": Array [
                    "By ",
                    undefined,
                  ],
                  "className": "story-card-author",
                },
                "ref": null,
                "rendered": Array [
                  "By ",
                  undefined,
                ],
                "type": "div",
              },
            ],
            "type": "div",
          },
          Object {
            "instance": null,
            "key": undefined,
            "nodeType": "host",
            "props": Object {
              "children": undefined,
              "className": "story-card-score",
            },
            "ref": null,
            "rendered": null,
            "type": "div",
          },
          Object {
            "instance": null,
            "key": undefined,
            "nodeType": "host",
            "props": Object {
              "children": undefined,
              "className": "story-card-link",
            },
            "ref": null,
            "rendered": null,
            "type": "div",
          },
        ],
        "type": "a",
      },
      "type": "div",
    },
  ],
  Symbol(enzyme.__options__): Object {
    "adapter": ReactSixteenAdapter {
      "options": Object {
        "enableComponentDidUpdateOnSetState": true,
      },
    },
  },
}
`;
